2026-05-16 19:49:53  INFO      Scheduling  VarnaTraffic      every 166 min
2026-05-16 19:49:53  INFO      Scheduling  VIK               every 166 min
2026-05-16 19:49:53  INFO      Scheduling  ePro              every 10 min
2026-05-16 19:49:53  INFO      [VT] Starting...
2026-05-16 19:49:53  INFO      [ePro] Finished in 0.0s
2026-05-16 19:49:53  INFO      [ePro] Next run in 10 minute(s).

2026-05-16 19:49:53  INFO      [mongo] Connected to MongoDB  uri=mongodb://localhost:27017  db=cityshield
2026-05-16 19:49:53  WARNING   [state_repo] vik state document not found — defaulting to 0.
2026-05-16 19:49:53  INFO      [VIK] Last stored id: 0
2026-05-16 19:49:53  INFO      [VIK] Starting...
2026-05-16 19:49:53  WARNING   [state_repo] vt state document not found — defaulting to [].
2026-05-16 19:49:53  INFO      [VT] Found 2 new message(s).
2026-05-16 19:51:16  INFO      HTTP Request: POST http://127.0.0.1:11434/api/chat "HTTP/1.1 200 OK"
2026-05-16 19:51:18  INFO      HTTP Request: POST http://127.0.0.1:11434/api/chat "HTTP/1.1 200 OK"
2026-05-16 19:51:20  ERROR     [VIK] Failed to submit data for id=16780: HTTPSConnectionPool(host='localhost', port=7180): Max retries exceeded with url: /api/VK/submit-data (Caused by NewConnectionError("HTTPSConnection(host='localhost', port=7180): Failed to establish a new connection: [WinError 10061] No connection could be made because the target machine actively refused it")). Skipping.
2026-05-16 19:51:29  INFO      HTTP Request: POST http://127.0.0.1:11434/api/chat "HTTP/1.1 200 OK"
2026-05-16 19:51:29  INFO      [VT] Done. Persisted 2 new id(s).
2026-05-16 19:51:29  INFO      [VarnaTraffic] Finished in 95.9s
2026-05-16 19:51:29  INFO      [VarnaTraffic] Next run in 166 minute(s).

2026-05-16 19:51:30  INFO      HTTP Request: POST http://127.0.0.1:11434/api/chat "HTTP/1.1 200 OK"
2026-05-16 19:51:34  ERROR     [VIK] Failed to submit data for id=16779: HTTPSConnectionPool(host='localhost', port=7180): Max retries exceeded with url: /api/VK/submit-data (Caused by NewConnectionError("HTTPSConnection(host='localhost', port=7180): Failed to establish a new connection: [WinError 10061] No connection could be made because the target machine actively refused it")). Skipping.
2026-05-16 19:51:47  INFO      HTTP Request: POST http://127.0.0.1:11434/api/chat "HTTP/1.1 200 OK"
2026-05-16 19:51:51  ERROR     [VIK] Failed to submit data for id=16777: HTTPSConnectionPool(host='localhost', port=7180): Max retries exceeded with url: /api/VK/submit-data (Caused by NewConnectionError("HTTPSConnection(host='localhost', port=7180): Failed to establish a new connection: [WinError 10061] No connection could be made because the target machine actively refused it")). Skipping.
2026-05-16 19:52:04  INFO      HTTP Request: POST http://127.0.0.1:11434/api/chat "HTTP/1.1 200 OK"
2026-05-16 19:52:08  ERROR     [VIK] Failed to submit data for id=16775: HTTPSConnectionPool(host='localhost', port=7180): Max retries exceeded with url: /api/VK/submit-data (Caused by NewConnectionError("HTTPSConnection(host='localhost', port=7180): Failed to establish a new connection: [WinError 10061] No connection could be made because the target machine actively refused it")). Skipping.
2026-05-16 19:52:16  INFO      HTTP Request: POST http://127.0.0.1:11434/api/chat "HTTP/1.1 200 OK"
2026-05-16 19:52:20  ERROR     [VIK] Failed to submit data for id=16774: HTTPSConnectionPool(host='localhost', port=7180): Max retries exceeded with url: /api/VK/submit-data (Caused by NewConnectionError("HTTPSConnection(host='localhost', port=7180): Failed to establish a new connection: [WinError 10061] No connection could be made because the target machine actively refused it")). Skipping.
2026-05-16 19:53:08  INFO      HTTP Request: POST http://127.0.0.1:11434/api/chat "HTTP/1.1 200 OK"
2026-05-16 19:53:12  ERROR     [VIK] Failed to submit data for id=16772: HTTPSConnectionPool(host='localhost', port=7180): Max retries exceeded with url: /api/VK/submit-data (Caused by NewConnectionError("HTTPSConnection(host='localhost', port=7180): Failed to establish a new connection: [WinError 10061] No connection could be made because the target machine actively refused it")). Skipping.
2026-05-16 19:54:11  INFO      HTTP Request: POST http://127.0.0.1:11434/api/chat "HTTP/1.1 200 OK"
2026-05-16 19:54:15  ERROR     [VIK] Failed to submit data for id=16771: HTTPSConnectionPool(host='localhost', port=7180): Max retries exceeded with url: /api/VK/submit-data (Caused by NewConnectionError("HTTPSConnection(host='localhost', port=7180): Failed to establish a new connection: [WinError 10061] No connection could be made because the target machine actively refused it")). Skipping.
2026-05-16 19:54:24  INFO      HTTP Request: POST http://127.0.0.1:11434/api/chat "HTTP/1.1 200 OK"
2026-05-16 19:54:28  ERROR     [VIK] Failed to submit data for id=16769: HTTPSConnectionPool(host='localhost', port=7180): Max retries exceeded with url: /api/VK/submit-data (Caused by NewConnectionError("HTTPSConnection(host='localhost', port=7180): Failed to establish a new connection: [WinError 10061] No connection could be made because the target machine actively refused it")). Skipping.
2026-05-16 19:54:47  INFO      HTTP Request: POST http://127.0.0.1:11434/api/chat "HTTP/1.1 200 OK"
2026-05-16 19:54:51  ERROR     [VIK] Failed to submit data for id=16766: HTTPSConnectionPool(host='localhost', port=7180): Max retries exceeded with url: /api/VK/submit-data (Caused by NewConnectionError("HTTPSConnection(host='localhost', port=7180): Failed to establish a new connection: [WinError 10061] No connection could be made because the target machine actively refused it")). Skipping.
2026-05-16 19:55:03  INFO      HTTP Request: POST http://127.0.0.1:11434/api/chat "HTTP/1.1 200 OK"
2026-05-16 19:55:07  ERROR     [VIK] Failed to submit data for id=16765: HTTPSConnectionPool(host='localhost', port=7180): Max retries exceeded with url: /api/VK/submit-data (Caused by NewConnectionError("HTTPSConnection(host='localhost', port=7180): Failed to establish a new connection: [WinError 10061] No connection could be made because the target machine actively refused it")). Skipping.
2026-05-16 19:55:07  INFO      [VIK] Done. Latest id persisted: 16780
2026-05-16 19:55:07  INFO      [VIK] Finished in 314.1s
2026-05-16 19:55:07  INFO      [VIK] Next run in 166 minute(s).

2026-05-16 19:55:20  INFO      Stopped by user.
2026-05-16 21:06:43  DEBUG     Using proactor: IocpProactor
2026-05-16 21:06:43  INFO      Scheduling  VarnaTraffic      every 10 min
2026-05-16 21:06:43  INFO      Scheduling  VIK               every 10 min
2026-05-16 21:06:43  INFO      Scheduling  ePro              every 10 min
2026-05-16 21:06:43  INFO      [VT] Starting...
2026-05-16 21:06:43  INFO      [ePro] Finished in 0.0s
2026-05-16 21:06:43  INFO      [ePro] Next run in 10 minute(s).

2026-05-16 21:06:43  DEBUG     Starting new HTTPS connection (1): www.varnatraffic.com:443
2026-05-16 21:06:43  DEBUG     {"message": "Starting topology monitoring", "topologyId": {"$oid": "6a08b23334a5bd646209f44e"}}
2026-05-16 21:06:43  DEBUG     {"message": "Topology description changed", "topologyId": {"$oid": "6a08b23334a5bd646209f44e"}, "previousDescription": "<TopologyDescription id: 6a08b23334a5bd646209f44e, topology_type: Unknown, servers: []>", "newDescription": "<TopologyDescription id: 6a08b23334a5bd646209f44e, topology_type: Unknown, servers: [<ServerDescription ('localhost', 27017) server_type: Unknown, rtt: None>]>"}
2026-05-16 21:06:43  DEBUG     {"message": "Starting server monitoring", "topologyId": {"$oid": "6a08b23334a5bd646209f44e"}, "serverHost": "localhost", "serverPort": 27017}
2026-05-16 21:06:43  DEBUG     {"message": "Connection pool created", "clientId": {"$oid": "6a08b23334a5bd646209f44e"}, "serverHost": "localhost", "serverPort": 27017}
2026-05-16 21:06:43  DEBUG     {"message": "Server selection started", "selector": "Primary()", "operation": "ping", "topologyDescription": "<TopologyDescription id: 6a08b23334a5bd646209f44e, topology_type: Unknown, servers: [<ServerDescription ('localhost', 27017) server_type: Unknown, rtt: None>]>", "clientId": {"$oid": "6a08b23334a5bd646209f44e"}}
2026-05-16 21:06:43  DEBUG     {"message": "Waiting for suitable server to become available", "selector": "Primary()", "operation": "ping", "topologyDescription": "<TopologyDescription id: 6a08b23334a5bd646209f44e, topology_type: Unknown, servers: [<ServerDescription ('localhost', 27017) server_type: Unknown, rtt: None>]>", "clientId": {"$oid": "6a08b23334a5bd646209f44e"}, "remainingTimeMS": 4999}
2026-05-16 21:06:43  DEBUG     {"message": "Server heartbeat started", "topologyId": {"$oid": "6a08b23334a5bd646209f44e"}, "driverConnectionId": 1, "serverHost": "localhost", "serverPort": 27017, "awaited": false}
2026-05-16 21:06:43  DEBUG     {"message": "Server heartbeat succeeded", "topologyId": {"$oid": "6a08b23334a5bd646209f44e"}, "driverConnectionId": 1, "serverConnectionId": 1, "serverHost": "localhost", "serverPort": 27017, "awaited": false, "durationMS": 1.2616999993042555, "reply": "{\"helloOk\": true, \"ismaster\": true, \"topologyVersion\": {\"processId\": {\"$oid\": \"6a08b09b48c2cc7538849ccd\"}}, \"maxBsonObjectSize\": 16777216, \"maxMessageSizeBytes\": 48000000, \"maxWriteBatchSize\": 100000, \"localTime\": {\"$date\": \"2026-05-16T18:06:43.708Z\"}, \"logicalSessionTimeoutMinutes\": 30, \"connectionId\": 1, \"maxWireVersion\": 21, \"ok\": 1.0}"}
2026-05-16 21:06:43  DEBUG     {"message": "Connection pool ready", "clientId": {"$oid": "6a08b23334a5bd646209f44e"}, "serverHost": "localhost", "serverPort": 27017}
2026-05-16 21:06:43  DEBUG     {"message": "Topology description changed", "topologyId": {"$oid": "6a08b23334a5bd646209f44e"}, "previousDescription": "<TopologyDescription id: 6a08b23334a5bd646209f44e, topology_type: Unknown, servers: [<ServerDescription ('localhost', 27017) server_type: Unknown, rtt: None>]>", "newDescription": "<TopologyDescription id: 6a08b23334a5bd646209f44e, topology_type: Single, servers: [<ServerDescription ('localhost', 27017) server_type: Standalone, rtt: 0.0012616999993042555>]>"}
2026-05-16 21:06:43  DEBUG     {"message": "Server selection succeeded", "selector": "Primary()", "operation": "ping", "topologyDescription": "<TopologyDescription id: 6a08b23334a5bd646209f44e, topology_type: Single, servers: [<ServerDescription ('localhost', 27017) server_type: Standalone, rtt: 0.0012616999993042555>]>", "clientId": {"$oid": "6a08b23334a5bd646209f44e"}, "serverHost": "localhost", "serverPort": 27017}
2026-05-16 21:06:43  DEBUG     {"message": "Connection checkout started", "clientId": {"$oid": "6a08b23334a5bd646209f44e"}, "serverHost": "localhost", "serverPort": 27017}
2026-05-16 21:06:43  DEBUG     {"message": "Server heartbeat started", "topologyId": {"$oid": "6a08b23334a5bd646209f44e"}, "driverConnectionId": 1, "serverConnectionId": 1, "serverHost": "localhost", "serverPort": 27017, "awaited": true}
2026-05-16 21:06:43  DEBUG     {"message": "Connection created", "clientId": {"$oid": "6a08b23334a5bd646209f44e"}, "serverHost": "localhost", "serverPort": 27017, "driverConnectionId": 1}
2026-05-16 21:06:43  DEBUG     {"message": "Connection ready", "clientId": {"$oid": "6a08b23334a5bd646209f44e"}, "serverHost": "localhost", "serverPort": 27017, "driverConnectionId": 1, "durationMS": 0.0013966999995318474}
2026-05-16 21:06:43  DEBUG     {"message": "Connection checked out", "clientId": {"$oid": "6a08b23334a5bd646209f44e"}, "serverHost": "localhost", "serverPort": 27017, "driverConnectionId": 1, "durationMS": 0.002750599998762482}
2026-05-16 21:06:43  DEBUG     {"message": "Command started", "clientId": {"$oid": "6a08b23334a5bd646209f44e"}, "command": "{\"ping\": 1, \"lsid\": {\"id\": {\"$binary\": {\"base64\": \"haaK01vgR0+pgrEFKyew9w==\", \"subType\": \"04\"}}}, \"$db\": \"admin\"}", "commandName": "ping", "databaseName": "admin", "requestId": 18467, "operationId": 18467, "driverConnectionId": 1, "serverConnectionId": 3, "serverHost": "localhost", "serverPort": 27017}
2026-05-16 21:06:43  DEBUG     {"message": "Command succeeded", "clientId": {"$oid": "6a08b23334a5bd646209f44e"}, "durationMS": 1.05, "reply": "{\"ok\": 1.0}", "commandName": "ping", "databaseName": "admin", "requestId": 18467, "operationId": 18467, "driverConnectionId": 1, "serverConnectionId": 3, "serverHost": "localhost", "serverPort": 27017}
2026-05-16 21:06:43  DEBUG     {"message": "Connection checked in", "clientId": {"$oid": "6a08b23334a5bd646209f44e"}, "serverHost": "localhost", "serverPort": 27017, "driverConnectionId": 1}
2026-05-16 21:06:43  INFO      [mongo] Connected to MongoDB  uri=mongodb://localhost:27017  db=cityshield
2026-05-16 21:06:43  DEBUG     {"message": "Server selection started", "selector": "Primary()", "operation": "find", "topologyDescription": "<TopologyDescription id: 6a08b23334a5bd646209f44e, topology_type: Single, servers: [<ServerDescription ('localhost', 27017) server_type: Standalone, rtt: 0.0012616999993042555>]>", "clientId": {"$oid": "6a08b23334a5bd646209f44e"}}
2026-05-16 21:06:43  DEBUG     {"message": "Server selection succeeded", "selector": "Primary()", "operation": "find", "topologyDescription": "<TopologyDescription id: 6a08b23334a5bd646209f44e, topology_type: Single, servers: [<ServerDescription ('localhost', 27017) server_type: Standalone, rtt: 0.0012616999993042555>]>", "clientId": {"$oid": "6a08b23334a5bd646209f44e"}, "serverHost": "localhost", "serverPort": 27017}
2026-05-16 21:06:43  DEBUG     {"message": "Connection checkout started", "clientId": {"$oid": "6a08b23334a5bd646209f44e"}, "serverHost": "localhost", "serverPort": 27017}
2026-05-16 21:06:43  DEBUG     {"message": "Connection checked out", "clientId": {"$oid": "6a08b23334a5bd646209f44e"}, "serverHost": "localhost", "serverPort": 27017, "driverConnectionId": 1, "durationMS": 0.00012799999967683107}
2026-05-16 21:06:43  DEBUG     {"message": "Command started", "clientId": {"$oid": "6a08b23334a5bd646209f44e"}, "command": "{\"find\": \"state\", \"filter\": {\"_id\": \"vik\"}, \"projection\": {\"last_id\": 1}, \"limit\": 1, \"singleBatch\": true, \"lsid\": {\"id\": {\"$binary\": {\"base64\": \"haaK01vgR0+pgrEFKyew9w==\", \"subType\": \"04\"}}}, \"$db\": \"cityshield\"}", "commandName": "find", "databaseName": "cityshield", "requestId": 6334, "operationId": 6334, "driverConnectionId": 1, "serverConnectionId": 3, "serverHost": "localhost", "serverPort": 27017}
2026-05-16 21:06:43  DEBUG     {"message": "Command succeeded", "clientId": {"$oid": "6a08b23334a5bd646209f44e"}, "durationMS": 3.535, "reply": "{\"cursor\": {\"firstBatch\": [{\"_id\": \"vik\", \"last_id\": 16780}], \"ns\": \"cityshield.state\"}, \"ok\": 1.0}", "commandName": "find", "databaseName": "cityshield", "requestId": 6334, "operationId": 6334, "driverConnectionId": 1, "serverConnectionId": 3, "serverHost": "localhost", "serverPort": 27017}
2026-05-16 21:06:43  DEBUG     {"message": "Connection checked in", "clientId": {"$oid": "6a08b23334a5bd646209f44e"}, "serverHost": "localhost", "serverPort": 27017, "driverConnectionId": 1}
2026-05-16 21:06:43  INFO      [VIK] Last stored id: 16780
2026-05-16 21:06:43  INFO      [VIK] Starting...
2026-05-16 21:06:43  DEBUG     Starting new HTTPS connection (1): vikvarna.com:443
2026-05-16 21:06:43  DEBUG     https://www.varnatraffic.com:443 "GET /Info HTTP/1.1" 200 16083
2026-05-16 21:06:43  DEBUG     {"message": "Server selection started", "selector": "Primary()", "operation": "find", "topologyDescription": "<TopologyDescription id: 6a08b23334a5bd646209f44e, topology_type: Single, servers: [<ServerDescription ('localhost', 27017) server_type: Standalone, rtt: 0.0012616999993042555>]>", "clientId": {"$oid": "6a08b23334a5bd646209f44e"}}
2026-05-16 21:06:43  DEBUG     {"message": "Server selection succeeded", "selector": "Primary()", "operation": "find", "topologyDescription": "<TopologyDescription id: 6a08b23334a5bd646209f44e, topology_type: Single, servers: [<ServerDescription ('localhost', 27017) server_type: Standalone, rtt: 0.0012616999993042555>]>", "clientId": {"$oid": "6a08b23334a5bd646209f44e"}, "serverHost": "localhost", "serverPort": 27017}
2026-05-16 21:06:43  DEBUG     {"message": "Connection checkout started", "clientId": {"$oid": "6a08b23334a5bd646209f44e"}, "serverHost": "localhost", "serverPort": 27017}
2026-05-16 21:06:43  DEBUG     {"message": "Connection checked out", "clientId": {"$oid": "6a08b23334a5bd646209f44e"}, "serverHost": "localhost", "serverPort": 27017, "driverConnectionId": 1, "durationMS": 0.00012799999967683107}
2026-05-16 21:06:43  DEBUG     {"message": "Command started", "clientId": {"$oid": "6a08b23334a5bd646209f44e"}, "command": "{\"find\": \"state\", \"filter\": {\"_id\": \"vt\"}, \"projection\": {\"last_ids\": 1}, \"limit\": 1, \"singleBatch\": true, \"lsid\": {\"id\": {\"$binary\": {\"base64\": \"haaK01vgR0+pgrEFKyew9w==\", \"subType\": \"04\"}}}, \"$db\": \"cityshield\"}", "commandName": "find", "databaseName": "cityshield", "requestId": 26500, "operationId": 26500, "driverConnectionId": 1, "serverConnectionId": 3, "serverHost": "localhost", "serverPort": 27017}
2026-05-16 21:06:43  DEBUG     {"message": "Command succeeded", "clientId": {"$oid": "6a08b23334a5bd646209f44e"}, "durationMS": 1.4469999999999998, "reply": "{\"cursor\": {\"firstBatch\": [{\"_id\": \"vt\", \"last_ids\": [\"537_2\", \"4_2\"]}], \"ns\": \"cityshield.state\"}, \"ok\": 1.0}", "commandName": "find", "databaseName": "cityshield", "requestId": 26500, "operationId": 26500, "driverConnectionId": 1, "serverConnectionId": 3, "serverHost": "localhost", "serverPort": 27017}
2026-05-16 21:06:43  DEBUG     {"message": "Connection checked in", "clientId": {"$oid": "6a08b23334a5bd646209f44e"}, "serverHost": "localhost", "serverPort": 27017, "driverConnectionId": 1}
2026-05-16 21:06:43  INFO      [VT] No new messages found.
2026-05-16 21:06:43  INFO      [VarnaTraffic] Finished in 0.3s
2026-05-16 21:06:43  INFO      [VarnaTraffic] Next run in 10 minute(s).

2026-05-16 21:06:44  DEBUG     https://vikvarna.com:443 "GET /bg/messages.html?region_id=15&sub_region_id=&type=breakdown HTTP/1.1" 200 3714
2026-05-16 21:06:44  DEBUG     [VIK] Processing url: https://vikvarna.com/bg/messages/breakdown/16780.html?region_id=15&sub_region_id=
2026-05-16 21:06:44  DEBUG     [VIK] Processing url: https://vikvarna.com/bg/messages/breakdown/16779.html?region_id=15&sub_region_id=
2026-05-16 21:06:44  DEBUG     [VIK] Processing url: https://vikvarna.com/bg/messages/breakdown/16777.html?region_id=15&sub_region_id=
2026-05-16 21:06:44  DEBUG     [VIK] Processing url: https://vikvarna.com/bg/messages/breakdown/16775.html?region_id=15&sub_region_id=
2026-05-16 21:06:44  DEBUG     [VIK] Processing url: https://vikvarna.com/bg/messages/breakdown/16774.html?region_id=15&sub_region_id=
2026-05-16 21:06:44  DEBUG     [VIK] Processing url: https://vikvarna.com/bg/messages/breakdown/16772.html?region_id=15&sub_region_id=
2026-05-16 21:06:44  DEBUG     [VIK] Processing url: https://vikvarna.com/bg/messages/breakdown/16771.html?region_id=15&sub_region_id=
2026-05-16 21:06:44  DEBUG     [VIK] Processing url: https://vikvarna.com/bg/messages/breakdown/16769.html?region_id=15&sub_region_id=
2026-05-16 21:06:44  DEBUG     [VIK] Processing url: https://vikvarna.com/bg/messages/breakdown/16766.html?region_id=15&sub_region_id=
2026-05-16 21:06:44  DEBUG     [VIK] Processing url: https://vikvarna.com/bg/messages/breakdown/16765.html?region_id=15&sub_region_id=
2026-05-16 21:06:44  DEBUG     {"message": "Server selection started", "selector": "<function writable_server_selector at 0x000001A8AF074880>", "operation": "update", "topologyDescription": "<TopologyDescription id: 6a08b23334a5bd646209f44e, topology_type: Single, servers: [<ServerDescription ('localhost', 27017) server_type: Standalone, rtt: 0.0012616999993042555>]>", "clientId": {"$oid": "6a08b23334a5bd646209f44e"}}
2026-05-16 21:06:44  DEBUG     {"message": "Server selection succeeded", "selector": "<function writable_server_selector at 0x000001A8AF074880>", "operation": "update", "topologyDescription": "<TopologyDescription id: 6a08b23334a5bd646209f44e, topology_type: Single, servers: [<ServerDescription ('localhost', 27017) server_type: Standalone, rtt: 0.0012616999993042555>]>", "clientId": {"$oid": "6a08b23334a5bd646209f44e"}, "serverHost": "localhost", "serverPort": 27017}
2026-05-16 21:06:44  DEBUG     {"message": "Connection checkout started", "clientId": {"$oid": "6a08b23334a5bd646209f44e"}, "serverHost": "localhost", "serverPort": 27017}
2026-05-16 21:06:44  DEBUG     {"message": "Connection checked out", "clientId": {"$oid": "6a08b23334a5bd646209f44e"}, "serverHost": "localhost", "serverPort": 27017, "driverConnectionId": 1, "durationMS": 0.00015179999900283292}
2026-05-16 21:06:44  DEBUG     {"message": "Command started", "clientId": {"$oid": "6a08b23334a5bd646209f44e"}, "command": "{\"update\": \"state\", \"ordered\": true, \"lsid\": {\"id\": {\"$binary\": {\"base64\": \"haaK01vgR0+pgrEFKyew9w==\", \"subType\": \"04\"}}}, \"$db\": \"cityshield\", \"updates\": [{\"q\": {\"_id\": \"vik\"}, \"u\": {\"$set\": {\"last_id\": 16780}}, \"upsert\": true}]}", "commandName": "update", "databaseName": "cityshield", "requestId": 11478, "operationId": 11478, "driverConnectionId": 1, "serverConnectionId": 3, "serverHost": "localhost", "serverPort": 27017}
2026-05-16 21:06:44  DEBUG     {"message": "Command succeeded", "clientId": {"$oid": "6a08b23334a5bd646209f44e"}, "durationMS": 2.32, "reply": "{\"n\": 1, \"ok\": 1.0}", "commandName": "update", "databaseName": "cityshield", "requestId": 11478, "operationId": 11478, "driverConnectionId": 1, "serverConnectionId": 3, "serverHost": "localhost", "serverPort": 27017}
2026-05-16 21:06:44  DEBUG     {"message": "Connection checked in", "clientId": {"$oid": "6a08b23334a5bd646209f44e"}, "serverHost": "localhost", "serverPort": 27017, "driverConnectionId": 1}
2026-05-16 21:06:44  DEBUG     [state_repo] vik last_id updated to 16780
2026-05-16 21:06:44  INFO      [VIK] Done. Latest id persisted: 16780
2026-05-16 21:06:44  INFO      [VIK] Finished in 0.4s
2026-05-16 21:06:44  INFO      [VIK] Next run in 10 minute(s).

2026-05-16 21:06:53  DEBUG     {"message": "Server heartbeat succeeded", "topologyId": {"$oid": "6a08b23334a5bd646209f44e"}, "driverConnectionId": 1, "serverConnectionId": 1, "serverHost": "localhost", "serverPort": 27017, "awaited": true, "durationMS": 10011.148599998705, "reply": "{\"isWritablePrimary\": true, \"topologyVersion\": {\"processId\": {\"$oid\": \"6a08b09b48c2cc7538849ccd\"}}, \"maxBsonObjectSize\": 16777216, \"maxMessageSizeBytes\": 48000000, \"maxWriteBatchSize\": 100000, \"localTime\": {\"$date\": \"2026-05-16T18:06:53.720Z\"}, \"logicalSessionTimeoutMinutes\": 30, \"connectionId\": 1, \"maxWireVersion\": 21, \"ok\": 1.0}"}
2026-05-16 21:06:53  DEBUG     {"message": "Server heartbeat started", "topologyId": {"$oid": "6a08b23334a5bd646209f44e"}, "driverConnectionId": 1, "serverConnectionId": 1, "serverHost": "localhost", "serverPort": 27017, "awaited": true}
2026-05-16 21:07:03  DEBUG     {"message": "Server heartbeat succeeded", "topologyId": {"$oid": "6a08b23334a5bd646209f44e"}, "driverConnectionId": 1, "serverConnectionId": 1, "serverHost": "localhost", "serverPort": 27017, "awaited": true, "durationMS": 10008.277900000394, "reply": "{\"isWritablePrimary\": true, \"topologyVersion\": {\"processId\": {\"$oid\": \"6a08b09b48c2cc7538849ccd\"}}, \"maxBsonObjectSize\": 16777216, \"maxMessageSizeBytes\": 48000000, \"maxWriteBatchSize\": 100000, \"localTime\": {\"$date\": \"2026-05-16T18:07:03.730Z\"}, \"logicalSessionTimeoutMinutes\": 30, \"connectionId\": 1, \"maxWireVersion\": 21, \"ok\": 1.0}"}
2026-05-16 21:07:03  DEBUG     {"message": "Server heartbeat started", "topologyId": {"$oid": "6a08b23334a5bd646209f44e"}, "driverConnectionId": 1, "serverConnectionId": 1, "serverHost": "localhost", "serverPort": 27017, "awaited": true}
2026-05-16 21:07:13  DEBUG     {"message": "Server heartbeat succeeded", "topologyId": {"$oid": "6a08b23334a5bd646209f44e"}, "driverConnectionId": 1, "serverConnectionId": 1, "serverHost": "localhost", "serverPort": 27017, "awaited": true, "durationMS": 10009.51619999978, "reply": "{\"isWritablePrimary\": true, \"topologyVersion\": {\"processId\": {\"$oid\": \"6a08b09b48c2cc7538849ccd\"}}, \"maxBsonObjectSize\": 16777216, \"maxMessageSizeBytes\": 48000000, \"maxWriteBatchSize\": 100000, \"localTime\": {\"$date\": \"2026-05-16T18:07:13.740Z\"}, \"logicalSessionTimeoutMinutes\": 30, \"connectionId\": 1, \"maxWireVersion\": 21, \"ok\": 1.0}"}
2026-05-16 21:07:13  DEBUG     {"message": "Server heartbeat started", "topologyId": {"$oid": "6a08b23334a5bd646209f44e"}, "driverConnectionId": 1, "serverConnectionId": 1, "serverHost": "localhost", "serverPort": 27017, "awaited": true}
2026-05-16 21:07:16  INFO      Stopped by user.
2026-05-16 21:07:16  DEBUG     {"message": "Server heartbeat failed", "topologyId": {"$oid": "6a08b23334a5bd646209f44e"}, "serverHost": "localhost", "serverPort": 27017, "awaited": true, "durationMS": 3063.5227000002487, "failure": "\"_OperationCancelled('operation cancelled')\"", "driverConnectionId": 1}
2026-05-17 19:49:47  DEBUG     Using proactor: IocpProactor
2026-05-17 19:49:47  INFO      Scheduling  VarnaTraffic      every 10 min
2026-05-17 19:49:47  INFO      Scheduling  VIK               every 10 min
2026-05-17 19:49:47  INFO      Scheduling  ePro              every 10 min
2026-05-17 19:49:47  INFO      [VT] Starting...
2026-05-17 19:49:47  INFO      [ePro] Finished in 0.0s
2026-05-17 19:49:47  INFO      [ePro] Next run in 10 minute(s).

2026-05-17 19:49:47  DEBUG     Starting new HTTPS connection (1): www.varnatraffic.com:443
2026-05-17 19:49:47  DEBUG     {"message": "Starting topology monitoring", "topologyId": {"$oid": "6a09f1ab41e0a6c6c811883b"}}
2026-05-17 19:49:47  DEBUG     {"message": "Topology description changed", "topologyId": {"$oid": "6a09f1ab41e0a6c6c811883b"}, "previousDescription": "<TopologyDescription id: 6a09f1ab41e0a6c6c811883b, topology_type: Unknown, servers: []>", "newDescription": "<TopologyDescription id: 6a09f1ab41e0a6c6c811883b, topology_type: Unknown, servers: [<ServerDescription ('localhost', 27017) server_type: Unknown, rtt: None>]>"}
2026-05-17 19:49:47  DEBUG     {"message": "Starting server monitoring", "topologyId": {"$oid": "6a09f1ab41e0a6c6c811883b"}, "serverHost": "localhost", "serverPort": 27017}
2026-05-17 19:49:47  DEBUG     {"message": "Connection pool created", "clientId": {"$oid": "6a09f1ab41e0a6c6c811883b"}, "serverHost": "localhost", "serverPort": 27017}
2026-05-17 19:49:47  DEBUG     {"message": "Server selection started", "selector": "Primary()", "operation": "ping", "topologyDescription": "<TopologyDescription id: 6a09f1ab41e0a6c6c811883b, topology_type: Unknown, servers: [<ServerDescription ('localhost', 27017) server_type: Unknown, rtt: None>]>", "clientId": {"$oid": "6a09f1ab41e0a6c6c811883b"}}
2026-05-17 19:49:47  DEBUG     {"message": "Waiting for suitable server to become available", "selector": "Primary()", "operation": "ping", "topologyDescription": "<TopologyDescription id: 6a09f1ab41e0a6c6c811883b, topology_type: Unknown, servers: [<ServerDescription ('localhost', 27017) server_type: Unknown, rtt: None>]>", "clientId": {"$oid": "6a09f1ab41e0a6c6c811883b"}, "remainingTimeMS": 4999}
2026-05-17 19:49:47  DEBUG     {"message": "Server heartbeat started", "topologyId": {"$oid": "6a09f1ab41e0a6c6c811883b"}, "driverConnectionId": 1, "serverHost": "localhost", "serverPort": 27017, "awaited": false}
2026-05-17 19:49:47  DEBUG     {"message": "Server heartbeat succeeded", "topologyId": {"$oid": "6a09f1ab41e0a6c6c811883b"}, "driverConnectionId": 1, "serverConnectionId": 1, "serverHost": "localhost", "serverPort": 27017, "awaited": false, "durationMS": 2.8175000006740447, "reply": "{\"helloOk\": true, \"ismaster\": true, \"topologyVersion\": {\"processId\": {\"$oid\": \"6a09ee4b63ce80635c655d93\"}}, \"maxBsonObjectSize\": 16777216, \"maxMessageSizeBytes\": 48000000, \"maxWriteBatchSize\": 100000, \"localTime\": {\"$date\": \"2026-05-17T16:49:47.371Z\"}, \"logicalSessionTimeoutMinutes\": 30, \"connectionId\": 1, \"maxWireVersion\": 21, \"ok\": 1.0}"}
2026-05-17 19:49:47  DEBUG     {"message": "Connection pool ready", "clientId": {"$oid": "6a09f1ab41e0a6c6c811883b"}, "serverHost": "localhost", "serverPort": 27017}
2026-05-17 19:49:47  DEBUG     {"message": "Topology description changed", "topologyId": {"$oid": "6a09f1ab41e0a6c6c811883b"}, "previousDescription": "<TopologyDescription id: 6a09f1ab41e0a6c6c811883b, topology_type: Unknown, servers: [<ServerDescription ('localhost', 27017) server_type: Unknown, rtt: None>]>", "newDescription": "<TopologyDescription id: 6a09f1ab41e0a6c6c811883b, topology_type: Single, servers: [<ServerDescription ('localhost', 27017) server_type: Standalone, rtt: 0.0028175000006740447>]>"}
2026-05-17 19:49:47  DEBUG     {"message": "Server selection succeeded", "selector": "Primary()", "operation": "ping", "topologyDescription": "<TopologyDescription id: 6a09f1ab41e0a6c6c811883b, topology_type: Single, servers: [<ServerDescription ('localhost', 27017) server_type: Standalone, rtt: 0.0028175000006740447>]>", "clientId": {"$oid": "6a09f1ab41e0a6c6c811883b"}, "serverHost": "localhost", "serverPort": 27017}
2026-05-17 19:49:47  DEBUG     {"message": "Connection checkout started", "clientId": {"$oid": "6a09f1ab41e0a6c6c811883b"}, "serverHost": "localhost", "serverPort": 27017}
2026-05-17 19:49:47  DEBUG     {"message": "Connection created", "clientId": {"$oid": "6a09f1ab41e0a6c6c811883b"}, "serverHost": "localhost", "serverPort": 27017, "driverConnectionId": 1}
2026-05-17 19:49:47  DEBUG     {"message": "Server heartbeat started", "topologyId": {"$oid": "6a09f1ab41e0a6c6c811883b"}, "driverConnectionId": 1, "serverConnectionId": 1, "serverHost": "localhost", "serverPort": 27017, "awaited": true}
2026-05-17 19:49:47  DEBUG     {"message": "Connection ready", "clientId": {"$oid": "6a09f1ab41e0a6c6c811883b"}, "serverHost": "localhost", "serverPort": 27017, "driverConnectionId": 1, "durationMS": 0.0008875000021362212}
2026-05-17 19:49:47  DEBUG     {"message": "Connection checked out", "clientId": {"$oid": "6a09f1ab41e0a6c6c811883b"}, "serverHost": "localhost", "serverPort": 27017, "driverConnectionId": 1, "durationMS": 0.02231979999851319}
2026-05-17 19:49:47  DEBUG     {"message": "Command started", "clientId": {"$oid": "6a09f1ab41e0a6c6c811883b"}, "command": "{\"ping\": 1, \"lsid\": {\"id\": {\"$binary\": {\"base64\": \"Fj4PwzQgSNGq8d8Ee4Cipg==\", \"subType\": \"04\"}}}, \"$db\": \"admin\"}", "commandName": "ping", "databaseName": "admin", "requestId": 18467, "operationId": 18467, "driverConnectionId": 1, "serverConnectionId": 3, "serverHost": "localhost", "serverPort": 27017}
2026-05-17 19:49:47  DEBUG     {"message": "Command succeeded", "clientId": {"$oid": "6a09f1ab41e0a6c6c811883b"}, "durationMS": 1.521, "reply": "{\"ok\": 1.0}", "commandName": "ping", "databaseName": "admin", "requestId": 18467, "operationId": 18467, "driverConnectionId": 1, "serverConnectionId": 3, "serverHost": "localhost", "serverPort": 27017}
2026-05-17 19:49:47  DEBUG     {"message": "Connection checked in", "clientId": {"$oid": "6a09f1ab41e0a6c6c811883b"}, "serverHost": "localhost", "serverPort": 27017, "driverConnectionId": 1}
2026-05-17 19:49:47  INFO      [mongo] Connected to MongoDB  uri=mongodb://localhost:27017  db=cityshield
2026-05-17 19:49:47  DEBUG     {"message": "Server selection started", "selector": "Primary()", "operation": "find", "topologyDescription": "<TopologyDescription id: 6a09f1ab41e0a6c6c811883b, topology_type: Single, servers: [<ServerDescription ('localhost', 27017) server_type: Standalone, rtt: 0.0028175000006740447>]>", "clientId": {"$oid": "6a09f1ab41e0a6c6c811883b"}}
2026-05-17 19:49:47  DEBUG     {"message": "Server selection succeeded", "selector": "Primary()", "operation": "find", "topologyDescription": "<TopologyDescription id: 6a09f1ab41e0a6c6c811883b, topology_type: Single, servers: [<ServerDescription ('localhost', 27017) server_type: Standalone, rtt: 0.0028175000006740447>]>", "clientId": {"$oid": "6a09f1ab41e0a6c6c811883b"}, "serverHost": "localhost", "serverPort": 27017}
2026-05-17 19:49:47  DEBUG     {"message": "Connection checkout started", "clientId": {"$oid": "6a09f1ab41e0a6c6c811883b"}, "serverHost": "localhost", "serverPort": 27017}
2026-05-17 19:49:47  DEBUG     {"message": "Connection checked out", "clientId": {"$oid": "6a09f1ab41e0a6c6c811883b"}, "serverHost": "localhost", "serverPort": 27017, "driverConnectionId": 1, "durationMS": 0.00013689999832422473}
2026-05-17 19:49:47  DEBUG     {"message": "Command started", "clientId": {"$oid": "6a09f1ab41e0a6c6c811883b"}, "command": "{\"find\": \"state\", \"filter\": {\"_id\": \"vik\"}, \"projection\": {\"last_id\": 1}, \"limit\": 1, \"singleBatch\": true, \"lsid\": {\"id\": {\"$binary\": {\"base64\": \"Fj4PwzQgSNGq8d8Ee4Cipg==\", \"subType\": \"04\"}}}, \"$db\": \"cityshield\"}", "commandName": "find", "databaseName": "cityshield", "requestId": 6334, "operationId": 6334, "driverConnectionId": 1, "serverConnectionId": 3, "serverHost": "localhost", "serverPort": 27017}
2026-05-17 19:49:47  DEBUG     {"message": "Command succeeded", "clientId": {"$oid": "6a09f1ab41e0a6c6c811883b"}, "durationMS": 3.898, "reply": "{\"cursor\": {\"firstBatch\": [{\"_id\": \"vik\", \"last_id\": 16780}], \"ns\": \"cityshield.state\"}, \"ok\": 1.0}", "commandName": "find", "databaseName": "cityshield", "requestId": 6334, "operationId": 6334, "driverConnectionId": 1, "serverConnectionId": 3, "serverHost": "localhost", "serverPort": 27017}
2026-05-17 19:49:47  DEBUG     {"message": "Connection checked in", "clientId": {"$oid": "6a09f1ab41e0a6c6c811883b"}, "serverHost": "localhost", "serverPort": 27017, "driverConnectionId": 1}
2026-05-17 19:49:47  INFO      [VIK] Last stored id: 16780
2026-05-17 19:49:47  INFO      [VIK] Starting...
2026-05-17 19:49:47  DEBUG     Starting new HTTPS connection (1): vikvarna.com:443
2026-05-17 19:49:47  DEBUG     https://www.varnatraffic.com:443 "GET /Info HTTP/1.1" 200 15071
2026-05-17 19:49:47  DEBUG     {"message": "Server selection started", "selector": "Primary()", "operation": "find", "topologyDescription": "<TopologyDescription id: 6a09f1ab41e0a6c6c811883b, topology_type: Single, servers: [<ServerDescription ('localhost', 27017) server_type: Standalone, rtt: 0.0028175000006740447>]>", "clientId": {"$oid": "6a09f1ab41e0a6c6c811883b"}}
2026-05-17 19:49:47  DEBUG     {"message": "Server selection succeeded", "selector": "Primary()", "operation": "find", "topologyDescription": "<TopologyDescription id: 6a09f1ab41e0a6c6c811883b, topology_type: Single, servers: [<ServerDescription ('localhost', 27017) server_type: Standalone, rtt: 0.0028175000006740447>]>", "clientId": {"$oid": "6a09f1ab41e0a6c6c811883b"}, "serverHost": "localhost", "serverPort": 27017}
2026-05-17 19:49:47  DEBUG     {"message": "Connection checkout started", "clientId": {"$oid": "6a09f1ab41e0a6c6c811883b"}, "serverHost": "localhost", "serverPort": 27017}
2026-05-17 19:49:47  DEBUG     {"message": "Connection checked out", "clientId": {"$oid": "6a09f1ab41e0a6c6c811883b"}, "serverHost": "localhost", "serverPort": 27017, "driverConnectionId": 1, "durationMS": 8.330000127898529e-05}
2026-05-17 19:49:47  DEBUG     {"message": "Command started", "clientId": {"$oid": "6a09f1ab41e0a6c6c811883b"}, "command": "{\"find\": \"state\", \"filter\": {\"_id\": \"vt\"}, \"projection\": {\"last_ids\": 1}, \"limit\": 1, \"singleBatch\": true, \"lsid\": {\"id\": {\"$binary\": {\"base64\": \"Fj4PwzQgSNGq8d8Ee4Cipg==\", \"subType\": \"04\"}}}, \"$db\": \"cityshield\"}", "commandName": "find", "databaseName": "cityshield", "requestId": 26500, "operationId": 26500, "driverConnectionId": 1, "serverConnectionId": 3, "serverHost": "localhost", "serverPort": 27017}
2026-05-17 19:49:47  DEBUG     {"message": "Command succeeded", "clientId": {"$oid": "6a09f1ab41e0a6c6c811883b"}, "durationMS": 1.118, "reply": "{\"cursor\": {\"firstBatch\": [{\"_id\": \"vt\", \"last_ids\": [\"537_2\", \"4_2\"]}], \"ns\": \"cityshield.state\"}, \"ok\": 1.0}", "commandName": "find", "databaseName": "cityshield", "requestId": 26500, "operationId": 26500, "driverConnectionId": 1, "serverConnectionId": 3, "serverHost": "localhost", "serverPort": 27017}
2026-05-17 19:49:47  DEBUG     {"message": "Connection checked in", "clientId": {"$oid": "6a09f1ab41e0a6c6c811883b"}, "serverHost": "localhost", "serverPort": 27017, "driverConnectionId": 1}
2026-05-17 19:49:47  INFO      [VT] Found 1 new message(s).
2026-05-17 19:49:47  DEBUG     connect_tcp.started host='127.0.0.1' port=11434 local_address=None timeout=None socket_options=None
2026-05-17 19:49:47  DEBUG     connect_tcp.complete return_value=<httpcore._backends.sync.SyncStream object at 0x000002F113216270>
2026-05-17 19:49:47  DEBUG     send_request_headers.started request=<Request [b'POST']>
2026-05-17 19:49:47  DEBUG     send_request_headers.complete
2026-05-17 19:49:47  DEBUG     send_request_body.started request=<Request [b'POST']>
2026-05-17 19:49:47  DEBUG     send_request_body.complete
2026-05-17 19:49:47  DEBUG     receive_response_headers.started request=<Request [b'POST']>
2026-05-17 19:49:47  DEBUG     https://vikvarna.com:443 "GET /bg/messages.html?region_id=15&sub_region_id=&type=breakdown HTTP/1.1" 200 3714
2026-05-17 19:49:47  DEBUG     [VIK] Processing url: https://vikvarna.com/bg/messages/breakdown/16780.html?region_id=15&sub_region_id=
2026-05-17 19:49:47  DEBUG     [VIK] Processing url: https://vikvarna.com/bg/messages/breakdown/16779.html?region_id=15&sub_region_id=
2026-05-17 19:49:47  DEBUG     [VIK] Processing url: https://vikvarna.com/bg/messages/breakdown/16777.html?region_id=15&sub_region_id=
2026-05-17 19:49:47  DEBUG     [VIK] Processing url: https://vikvarna.com/bg/messages/breakdown/16775.html?region_id=15&sub_region_id=
2026-05-17 19:49:47  DEBUG     [VIK] Processing url: https://vikvarna.com/bg/messages/breakdown/16774.html?region_id=15&sub_region_id=
2026-05-17 19:49:47  DEBUG     [VIK] Processing url: https://vikvarna.com/bg/messages/breakdown/16772.html?region_id=15&sub_region_id=
2026-05-17 19:49:47  DEBUG     [VIK] Processing url: https://vikvarna.com/bg/messages/breakdown/16771.html?region_id=15&sub_region_id=
2026-05-17 19:49:47  DEBUG     [VIK] Processing url: https://vikvarna.com/bg/messages/breakdown/16769.html?region_id=15&sub_region_id=
2026-05-17 19:49:47  DEBUG     [VIK] Processing url: https://vikvarna.com/bg/messages/breakdown/16766.html?region_id=15&sub_region_id=
2026-05-17 19:49:47  DEBUG     [VIK] Processing url: https://vikvarna.com/bg/messages/breakdown/16765.html?region_id=15&sub_region_id=
2026-05-17 19:49:47  DEBUG     {"message": "Server selection started", "selector": "<function writable_server_selector at 0x000002F16E9F4880>", "operation": "update", "topologyDescription": "<TopologyDescription id: 6a09f1ab41e0a6c6c811883b, topology_type: Single, servers: [<ServerDescription ('localhost', 27017) server_type: Standalone, rtt: 0.0028175000006740447>]>", "clientId": {"$oid": "6a09f1ab41e0a6c6c811883b"}}
2026-05-17 19:49:47  DEBUG     {"message": "Server selection succeeded", "selector": "<function writable_server_selector at 0x000002F16E9F4880>", "operation": "update", "topologyDescription": "<TopologyDescription id: 6a09f1ab41e0a6c6c811883b, topology_type: Single, servers: [<ServerDescription ('localhost', 27017) server_type: Standalone, rtt: 0.0028175000006740447>]>", "clientId": {"$oid": "6a09f1ab41e0a6c6c811883b"}, "serverHost": "localhost", "serverPort": 27017}
2026-05-17 19:49:47  DEBUG     {"message": "Connection checkout started", "clientId": {"$oid": "6a09f1ab41e0a6c6c811883b"}, "serverHost": "localhost", "serverPort": 27017}
2026-05-17 19:49:47  DEBUG     {"message": "Connection checked out", "clientId": {"$oid": "6a09f1ab41e0a6c6c811883b"}, "serverHost": "localhost", "serverPort": 27017, "driverConnectionId": 1, "durationMS": 0.00011450000238255598}
2026-05-17 19:49:47  DEBUG     {"message": "Command started", "clientId": {"$oid": "6a09f1ab41e0a6c6c811883b"}, "command": "{\"update\": \"state\", \"ordered\": true, \"lsid\": {\"id\": {\"$binary\": {\"base64\": \"Fj4PwzQgSNGq8d8Ee4Cipg==\", \"subType\": \"04\"}}}, \"$db\": \"cityshield\", \"updates\": [{\"q\": {\"_id\": \"vik\"}, \"u\": {\"$set\": {\"last_id\": 16780}}, \"upsert\": true}]}", "commandName": "update", "databaseName": "cityshield", "requestId": 11478, "operationId": 11478, "driverConnectionId": 1, "serverConnectionId": 3, "serverHost": "localhost", "serverPort": 27017}
2026-05-17 19:49:47  DEBUG     {"message": "Command succeeded", "clientId": {"$oid": "6a09f1ab41e0a6c6c811883b"}, "durationMS": 4.248, "reply": "{\"n\": 1, \"ok\": 1.0}", "commandName": "update", "databaseName": "cityshield", "requestId": 11478, "operationId": 11478, "driverConnectionId": 1, "serverConnectionId": 3, "serverHost": "localhost", "serverPort": 27017}
2026-05-17 19:49:47  DEBUG     {"message": "Connection checked in", "clientId": {"$oid": "6a09f1ab41e0a6c6c811883b"}, "serverHost": "localhost", "serverPort": 27017, "driverConnectionId": 1}
2026-05-17 19:49:47  DEBUG     [state_repo] vik last_id updated to 16780
2026-05-17 19:49:47  INFO      [VIK] Done. Latest id persisted: 16780
2026-05-17 19:49:47  INFO      [VIK] Finished in 0.3s
2026-05-17 19:49:47  INFO      [VIK] Next run in 10 minute(s).

2026-05-17 19:49:57  DEBUG     {"message": "Server heartbeat succeeded", "topologyId": {"$oid": "6a09f1ab41e0a6c6c811883b"}, "driverConnectionId": 1, "serverConnectionId": 1, "serverHost": "localhost", "serverPort": 27017, "awaited": true, "durationMS": 10010.839800001122, "reply": "{\"isWritablePrimary\": true, \"topologyVersion\": {\"processId\": {\"$oid\": \"6a09ee4b63ce80635c655d93\"}}, \"maxBsonObjectSize\": 16777216, \"maxMessageSizeBytes\": 48000000, \"maxWriteBatchSize\": 100000, \"localTime\": {\"$date\": \"2026-05-17T16:49:57.384Z\"}, \"logicalSessionTimeoutMinutes\": 30, \"connectionId\": 1, \"maxWireVersion\": 21, \"ok\": 1.0}"}
2026-05-17 19:49:57  DEBUG     {"message": "Server heartbeat started", "topologyId": {"$oid": "6a09f1ab41e0a6c6c811883b"}, "driverConnectionId": 1, "serverConnectionId": 1, "serverHost": "localhost", "serverPort": 27017, "awaited": true}
2026-05-17 19:50:06  DEBUG     receive_response_headers.complete return_value=(b'HTTP/1.1', 200, b'OK', [(b'Content-Type', b'application/json; charset=utf-8'), (b'Date', b'Sun, 17 May 2026 16:50:06 GMT'), (b'Transfer-Encoding', b'chunked')])
2026-05-17 19:50:06  INFO      HTTP Request: POST http://127.0.0.1:11434/api/chat "HTTP/1.1 200 OK"
2026-05-17 19:50:06  DEBUG     receive_response_body.started request=<Request [b'POST']>
2026-05-17 19:50:06  DEBUG     receive_response_body.complete
2026-05-17 19:50:06  DEBUG     response_closed.started
2026-05-17 19:50:06  DEBUG     response_closed.complete
2026-05-17 19:50:06  DEBUG     [ai_parser] tokens used: prompt_eval=1438 eval=10
2026-05-17 19:50:06  DEBUG     [VT] Final payload: {'id': '1f086b71-b5c6-4159-85f9-4b98ce553d0c', 'original_message': {'data_id': '538_2', 'header': 'Обслужване на линия 409 от 18 май 2026', 'body': 'Уважаеми граждани и гости на Варна, Информираме Ви, че считано от 18 май 2026 г. се възстановява обслужването на автобусна линия № 409 по маршрута до к. к. „Златни пясъци“. Линията ще се изпълнява по утвърденото разписание и ще осигурява удобна транспортна връзка между града, Летище Варна и курортния комплекс в началото на активния туристически сезон. Призоваваме пътниците да следят актуалната информация за разписанията и движението на градския транспорт чрез официалните канали на Градски транспорт Варна. Благодарим Ви, че пътувате с нас!', 'info_time': '17.05.2026 - 31.05.2026'}, 'bus_lines': ['409']}
2026-05-17 19:50:06  DEBUG     {"message": "Server selection started", "selector": "<function writable_server_selector at 0x000002F16E9F4880>", "operation": "update", "topologyDescription": "<TopologyDescription id: 6a09f1ab41e0a6c6c811883b, topology_type: Single, servers: [<ServerDescription ('localhost', 27017) server_type: Standalone, rtt: 0.0022317759999714326>]>", "clientId": {"$oid": "6a09f1ab41e0a6c6c811883b"}}
2026-05-17 19:50:06  DEBUG     {"message": "Server selection succeeded", "selector": "<function writable_server_selector at 0x000002F16E9F4880>", "operation": "update", "topologyDescription": "<TopologyDescription id: 6a09f1ab41e0a6c6c811883b, topology_type: Single, servers: [<ServerDescription ('localhost', 27017) server_type: Standalone, rtt: 0.0022317759999714326>]>", "clientId": {"$oid": "6a09f1ab41e0a6c6c811883b"}, "serverHost": "localhost", "serverPort": 27017}
2026-05-17 19:50:06  DEBUG     {"message": "Connection checkout started", "clientId": {"$oid": "6a09f1ab41e0a6c6c811883b"}, "serverHost": "localhost", "serverPort": 27017}
2026-05-17 19:50:06  DEBUG     {"message": "Connection checked out", "clientId": {"$oid": "6a09f1ab41e0a6c6c811883b"}, "serverHost": "localhost", "serverPort": 27017, "driverConnectionId": 1, "durationMS": 0.00016239999968092889}
2026-05-17 19:50:06  DEBUG     {"message": "Command started", "clientId": {"$oid": "6a09f1ab41e0a6c6c811883b"}, "command": "{\"update\": \"state\", \"ordered\": true, \"lsid\": {\"id\": {\"$binary\": {\"base64\": \"Fj4PwzQgSNGq8d8Ee4Cipg==\", \"subType\": \"04\"}}}, \"$db\": \"cityshield\", \"updates\": [{\"q\": {\"_id\": \"vt\"}, \"u\": {\"$addToSet\": {\"last_ids\": {\"$each\": [\"538_2\"]}}}, \"upsert\": true}]}", "commandName": "update", "databaseName": "cityshield", "requestId": 19169, "operationId": 19169, "driverConnectionId": 1, "serverConnectionId": 3, "serverHost": "localhost", "serverPort": 27017}
2026-05-17 19:50:06  DEBUG     {"message": "Command succeeded", "clientId": {"$oid": "6a09f1ab41e0a6c6c811883b"}, "durationMS": 2.2030000000000003, "reply": "{\"n\": 1, \"nModified\": 1, \"ok\": 1.0}", "commandName": "update", "databaseName": "cityshield", "requestId": 19169, "operationId": 19169, "driverConnectionId": 1, "serverConnectionId": 3, "serverHost": "localhost", "serverPort": 27017}
2026-05-17 19:50:06  DEBUG     {"message": "Connection checked in", "clientId": {"$oid": "6a09f1ab41e0a6c6c811883b"}, "serverHost": "localhost", "serverPort": 27017, "driverConnectionId": 1}
2026-05-17 19:50:06  DEBUG     [state_repo] vt added 1 new id(s)
2026-05-17 19:50:06  INFO      [VT] Done. Persisted 1 new id(s).
2026-05-17 19:50:06  INFO      [VarnaTraffic] Finished in 19.1s
2026-05-17 19:50:06  INFO      [VarnaTraffic] Next run in 10 minute(s).

2026-05-17 19:50:07  DEBUG     {"message": "Server heartbeat succeeded", "topologyId": {"$oid": "6a09f1ab41e0a6c6c811883b"}, "driverConnectionId": 1, "serverConnectionId": 1, "serverHost": "localhost", "serverPort": 27017, "awaited": true, "durationMS": 10008.96830000056, "reply": "{\"isWritablePrimary\": true, \"topologyVersion\": {\"processId\": {\"$oid\": \"6a09ee4b63ce80635c655d93\"}}, \"maxBsonObjectSize\": 16777216, \"maxMessageSizeBytes\": 48000000, \"maxWriteBatchSize\": 100000, \"localTime\": {\"$date\": \"2026-05-17T16:50:07.394Z\"}, \"logicalSessionTimeoutMinutes\": 30, \"connectionId\": 1, \"maxWireVersion\": 21, \"ok\": 1.0}"}
2026-05-17 19:50:07  DEBUG     {"message": "Server heartbeat started", "topologyId": {"$oid": "6a09f1ab41e0a6c6c811883b"}, "driverConnectionId": 1, "serverConnectionId": 1, "serverHost": "localhost", "serverPort": 27017, "awaited": true}
2026-05-17 19:50:17  DEBUG     {"message": "Server heartbeat succeeded", "topologyId": {"$oid": "6a09f1ab41e0a6c6c811883b"}, "driverConnectionId": 1, "serverConnectionId": 1, "serverHost": "localhost", "serverPort": 27017, "awaited": true, "durationMS": 10008.402699997532, "reply": "{\"isWritablePrimary\": true, \"topologyVersion\": {\"processId\": {\"$oid\": \"6a09ee4b63ce80635c655d93\"}}, \"maxBsonObjectSize\": 16777216, \"maxMessageSizeBytes\": 48000000, \"maxWriteBatchSize\": 100000, \"localTime\": {\"$date\": \"2026-05-17T16:50:17.402Z\"}, \"logicalSessionTimeoutMinutes\": 30, \"connectionId\": 1, \"maxWireVersion\": 21, \"ok\": 1.0}"}
2026-05-17 19:50:17  DEBUG     {"message": "Server heartbeat started", "topologyId": {"$oid": "6a09f1ab41e0a6c6c811883b"}, "driverConnectionId": 1, "serverConnectionId": 1, "serverHost": "localhost", "serverPort": 27017, "awaited": true}
2026-05-17 19:50:27  DEBUG     {"message": "Server heartbeat succeeded", "topologyId": {"$oid": "6a09f1ab41e0a6c6c811883b"}, "driverConnectionId": 1, "serverConnectionId": 1, "serverHost": "localhost", "serverPort": 27017, "awaited": true, "durationMS": 10008.571599999414, "reply": "{\"isWritablePrimary\": true, \"topologyVersion\": {\"processId\": {\"$oid\": \"6a09ee4b63ce80635c655d93\"}}, \"maxBsonObjectSize\": 16777216, \"maxMessageSizeBytes\": 48000000, \"maxWriteBatchSize\": 100000, \"localTime\": {\"$date\": \"2026-05-17T16:50:27.412Z\"}, \"logicalSessionTimeoutMinutes\": 30, \"connectionId\": 1, \"maxWireVersion\": 21, \"ok\": 1.0}"}
2026-05-17 19:50:27  DEBUG     {"message": "Server heartbeat started", "topologyId": {"$oid": "6a09f1ab41e0a6c6c811883b"}, "driverConnectionId": 1, "serverConnectionId": 1, "serverHost": "localhost", "serverPort": 27017, "awaited": true}
2026-05-17 19:50:37  DEBUG     {"message": "Server heartbeat succeeded", "topologyId": {"$oid": "6a09f1ab41e0a6c6c811883b"}, "driverConnectionId": 1, "serverConnectionId": 1, "serverHost": "localhost", "serverPort": 27017, "awaited": true, "durationMS": 10002.594699999463, "reply": "{\"isWritablePrimary\": true, \"topologyVersion\": {\"processId\": {\"$oid\": \"6a09ee4b63ce80635c655d93\"}}, \"maxBsonObjectSize\": 16777216, \"maxMessageSizeBytes\": 48000000, \"maxWriteBatchSize\": 100000, \"localTime\": {\"$date\": \"2026-05-17T16:50:37.415Z\"}, \"logicalSessionTimeoutMinutes\": 30, \"connectionId\": 1, \"maxWireVersion\": 21, \"ok\": 1.0}"}
2026-05-17 19:50:37  DEBUG     {"message": "Server heartbeat started", "topologyId": {"$oid": "6a09f1ab41e0a6c6c811883b"}, "driverConnectionId": 1, "serverConnectionId": 1, "serverHost": "localhost", "serverPort": 27017, "awaited": true}
2026-05-17 19:50:47  DEBUG     {"message": "Server heartbeat succeeded", "topologyId": {"$oid": "6a09f1ab41e0a6c6c811883b"}, "driverConnectionId": 1, "serverConnectionId": 1, "serverHost": "localhost", "serverPort": 27017, "awaited": true, "durationMS": 10009.250999999495, "reply": "{\"isWritablePrimary\": true, \"topologyVersion\": {\"processId\": {\"$oid\": \"6a09ee4b63ce80635c655d93\"}}, \"maxBsonObjectSize\": 16777216, \"maxMessageSizeBytes\": 48000000, \"maxWriteBatchSize\": 100000, \"localTime\": {\"$date\": \"2026-05-17T16:50:47.424Z\"}, \"logicalSessionTimeoutMinutes\": 30, \"connectionId\": 1, \"maxWireVersion\": 21, \"ok\": 1.0}"}
2026-05-17 19:50:47  DEBUG     {"message": "Server heartbeat started", "topologyId": {"$oid": "6a09f1ab41e0a6c6c811883b"}, "driverConnectionId": 1, "serverConnectionId": 1, "serverHost": "localhost", "serverPort": 27017, "awaited": true}
2026-05-17 19:50:51  INFO      Stopped by user.
2026-05-17 19:50:51  DEBUG     {"message": "Server heartbeat failed", "topologyId": {"$oid": "6a09f1ab41e0a6c6c811883b"}, "serverHost": "localhost", "serverPort": 27017, "awaited": true, "durationMS": 4086.084899998241, "failure": "\"_OperationCancelled('operation cancelled')\"", "driverConnectionId": 1}
